00:18:18 **** Auto Build of configuration Debug for project 4_gpio_interrupt ****
make pre-build main-build 
a9-linaro-pre-build-step
 
Building file: ../src/interrput/user_interrput.c
Invoking: ARM v7 gcc compiler
arm-none-eabi-gcc -Wall -O0 -g3 -I../../4_gpio_interrupt_bsp/ps7_cortexa9_0/include -I"G:\a_max\max_xilinx\opendv\4_gpio_interrupt\4_gpio_interrupt.sdk\4_gpio_interrupt\src\GPIO" -I"G:\a_max\max_xilinx\opendv\4_gpio_interrupt\4_gpio_interrupt.sdk\4_gpio_interrupt\src\key" -I"G:\a_max\max_xilinx\opendv\4_gpio_interrupt\4_gpio_interrupt.sdk\4_gpio_interrupt\src\led" -I"G:\a_max\max_xilinx\opendv\4_gpio_interrupt\4_gpio_interrupt.sdk\4_gpio_interrupt\src\interrput" -c -fmessage-length=0 -MT"src/interrput/user_interrput.o" -mcpu=cortex-a9 -mfpu=vfpv3 -mfloat-abi=hard -MMD -MP -MF"src/interrput/user_interrput.d" -MT"src/interrput/user_interrput.o" -o "src/interrput/user_interrput.o" "../src/interrput/user_interrput.c"
../src/interrput/user_interrput.c: In function 'interrupt_init':
../src/interrput/user_interrput.c:43:1: warning: control reaches end of non-void function [-Wreturn-type]
 }
 ^
Finished building: ../src/interrput/user_interrput.c
 
Building target: 4_gpio_interrupt.elf
Invoking: ARM v7 gcc linker
arm-none-eabi-gcc -mcpu=cortex-a9 -mfpu=vfpv3 -mfloat-abi=hard -Wl,-build-id=none -specs=Xilinx.spec -Wl,-T -Wl,../src/lscript.ld -L../../4_gpio_interrupt_bsp/ps7_cortexa9_0/lib -o "4_gpio_interrupt.elf"  ./src/led/user_led.o  ./src/key/user_key.o  ./src/interrput/user_interrput.o  ./src/GPIO/user_gpio.o  ./src/main.o ./src/platform.o   -Wl,--start-group,-lxil,-lgcc,-lc,--end-group
Finished building target: 4_gpio_interrupt.elf
 
Invoking: ARM v7 Print Size
arm-none-eabi-size 4_gpio_interrupt.elf  |tee "4_gpio_interrupt.elf.size"
   text	   data	    bss	    dec	    hex	filename
  30816	   1928	  22648	  55392	   d860	4_gpio_interrupt.elf
Finished building: 4_gpio_interrupt.elf.size
 

00:18:20 Build Finished (took 2s.254ms)

