19:38:58 **** Incremental Build of configuration Debug for project 4_gpio_interrupt ****
make pre-build main-build 
a9-linaro-pre-build-step
' '
make: Nothing to be done for 'main-build'.
19:39:21 **** Auto Build of configuration Debug for project 4_gpio_interrupt ****
make pre-build main-build 
a9-linaro-pre-build-step
' '
'Building file: ../src/main.c'
'Invoking: ARM v7 gcc compiler'
arm-none-eabi-gcc -Wall -O0 -g3 -I../../4_gpio_interrupt_bsp/ps7_cortexa9_0/include -I"F:\a_Max\max_xilinx\opendv\4_gpio_interrupt\4_gpio_interrupt.sdk\4_gpio_interrupt\src\GPIO" -I"F:\a_Max\max_xilinx\opendv\4_gpio_interrupt\4_gpio_interrupt.sdk\4_gpio_interrupt\src" -I"F:\a_Max\max_xilinx\opendv\4_gpio_interrupt\4_gpio_interrupt.sdk\4_gpio_interrupt\src\interrput" -I"F:\a_Max\max_xilinx\opendv\4_gpio_interrupt\4_gpio_interrupt.sdk\4_gpio_interrupt\src\key" -I"F:\a_Max\max_xilinx\opendv\4_gpio_interrupt\4_gpio_interrupt.sdk\4_gpio_interrupt\src\led" -c -fmessage-length=0 -MT"src/main.o" -mcpu=cortex-a9 -mfpu=vfpv3 -mfloat-abi=hard -MMD -MP -MF"src/main.d" -MT"src/main.o" -o "src/main.o" "../src/main.c"
'Finished building: ../src/main.c'
' '
'Building target: 4_gpio_interrupt.elf'
'Invoking: ARM v7 gcc linker'
arm-none-eabi-gcc -mcpu=cortex-a9 -mfpu=vfpv3 -mfloat-abi=hard -Wl,-build-id=none -specs=Xilinx.spec -Wl,-T -Wl,../src/lscript.ld -L../../4_gpio_interrupt_bsp/ps7_cortexa9_0/lib -o "4_gpio_interrupt.elf"  ./src/led/user_led.o  ./src/key/user_key.o  ./src/interrput/interrput.o  ./src/GPIO/user_gpio.o  ./src/main.o ./src/platform.o   -Wl,--start-group,-lxil,-lgcc,-lc,--end-group
'Finished building target: 4_gpio_interrupt.elf'
' '
'Invoking: ARM v7 Print Size'
arm-none-eabi-size 4_gpio_interrupt.elf  |tee "4_gpio_interrupt.elf.size"
   text	   data	    bss	    dec	    hex	filename
  31076	   1928	  22600	  55604	   d934	4_gpio_interrupt.elf
'Finished building: 4_gpio_interrupt.elf.size'
' '
19:42:37 **** Auto Build of configuration Debug for project 4_gpio_interrupt ****
make pre-build main-build 
a9-linaro-pre-build-step
' '
'Building file: ../src/main.c'
'Invoking: ARM v7 gcc compiler'
arm-none-eabi-gcc -Wall -O0 -g3 -I../../4_gpio_interrupt_bsp/ps7_cortexa9_0/include -I"F:\a_Max\max_xilinx\opendv\4_gpio_interrupt\4_gpio_interrupt.sdk\4_gpio_interrupt\src\GPIO" -I"F:\a_Max\max_xilinx\opendv\4_gpio_interrupt\4_gpio_interrupt.sdk\4_gpio_interrupt\src" -I"F:\a_Max\max_xilinx\opendv\4_gpio_interrupt\4_gpio_interrupt.sdk\4_gpio_interrupt\src\interrput" -I"F:\a_Max\max_xilinx\opendv\4_gpio_interrupt\4_gpio_interrupt.sdk\4_gpio_interrupt\src\key" -I"F:\a_Max\max_xilinx\opendv\4_gpio_interrupt\4_gpio_interrupt.sdk\4_gpio_interrupt\src\led" -c -fmessage-length=0 -MT"src/main.o" -mcpu=cortex-a9 -mfpu=vfpv3 -mfloat-abi=hard -MMD -MP -MF"src/main.d" -MT"src/main.o" -o "src/main.o" "../src/main.c"
'Finished building: ../src/main.c'
' '
'Building target: 4_gpio_interrupt.elf'
'Invoking: ARM v7 gcc linker'
arm-none-eabi-gcc -mcpu=cortex-a9 -mfpu=vfpv3 -mfloat-abi=hard -Wl,-build-id=none -specs=Xilinx.spec -Wl,-T -Wl,../src/lscript.ld -L../../4_gpio_interrupt_bsp/ps7_cortexa9_0/lib -o "4_gpio_interrupt.elf"  ./src/led/user_led.o  ./src/key/user_key.o  ./src/interrput/interrput.o  ./src/GPIO/user_gpio.o  ./src/main.o ./src/platform.o   -Wl,--start-group,-lxil,-lgcc,-lc,--end-group
'Finished building target: 4_gpio_interrupt.elf'
' '
'Invoking: ARM v7 Print Size'
arm-none-eabi-size 4_gpio_interrupt.elf  |tee "4_gpio_interrupt.elf.size"
   text	   data	    bss	    dec	    hex	filename
  31076	   1928	  22600	  55604	   d934	4_gpio_interrupt.elf
'Finished building: 4_gpio_interrupt.elf.size'
' '
19:44:28 **** Auto Build of configuration Debug for project 4_gpio_interrupt ****
make pre-build main-build 
a9-linaro-pre-build-step
' '
'Building file: ../src/main.c'
'Invoking: ARM v7 gcc compiler'
arm-none-eabi-gcc -Wall -O0 -g3 -I../../4_gpio_interrupt_bsp/ps7_cortexa9_0/include -I"F:\a_Max\max_xilinx\opendv\4_gpio_interrupt\4_gpio_interrupt.sdk\4_gpio_interrupt\src\GPIO" -I"F:\a_Max\max_xilinx\opendv\4_gpio_interrupt\4_gpio_interrupt.sdk\4_gpio_interrupt\src" -I"F:\a_Max\max_xilinx\opendv\4_gpio_interrupt\4_gpio_interrupt.sdk\4_gpio_interrupt\src\interrput" -I"F:\a_Max\max_xilinx\opendv\4_gpio_interrupt\4_gpio_interrupt.sdk\4_gpio_interrupt\src\key" -I"F:\a_Max\max_xilinx\opendv\4_gpio_interrupt\4_gpio_interrupt.sdk\4_gpio_interrupt\src\led" -c -fmessage-length=0 -MT"src/main.o" -mcpu=cortex-a9 -mfpu=vfpv3 -mfloat-abi=hard -MMD -MP -MF"src/main.d" -MT"src/main.o" -o "src/main.o" "../src/main.c"
'Finished building: ../src/main.c'
' '
'Building target: 4_gpio_interrupt.elf'
'Invoking: ARM v7 gcc linker'
arm-none-eabi-gcc -mcpu=cortex-a9 -mfpu=vfpv3 -mfloat-abi=hard -Wl,-build-id=none -specs=Xilinx.spec -Wl,-T -Wl,../src/lscript.ld -L../../4_gpio_interrupt_bsp/ps7_cortexa9_0/lib -o "4_gpio_interrupt.elf"  ./src/led/user_led.o  ./src/key/user_key.o  ./src/interrput/interrput.o  ./src/GPIO/user_gpio.o  ./src/main.o ./src/platform.o   -Wl,--start-group,-lxil,-lgcc,-lc,--end-group
'Finished building target: 4_gpio_interrupt.elf'
' '
'Invoking: ARM v7 Print Size'
arm-none-eabi-size 4_gpio_interrupt.elf  |tee "4_gpio_interrupt.elf.size"
   text	   data	    bss	    dec	    hex	filename
  31076	   1928	  22600	  55604	   d934	4_gpio_interrupt.elf
'Finished building: 4_gpio_interrupt.elf.size'
' '
19:45:01 **** Auto Build of configuration Debug for project 4_gpio_interrupt ****
make pre-build main-build 
a9-linaro-pre-build-step
' '
'Building file: ../src/main.c'
'Invoking: ARM v7 gcc compiler'
arm-none-eabi-gcc -Wall -O0 -g3 -I../../4_gpio_interrupt_bsp/ps7_cortexa9_0/include -I"F:\a_Max\max_xilinx\opendv\4_gpio_interrupt\4_gpio_interrupt.sdk\4_gpio_interrupt\src\GPIO" -I"F:\a_Max\max_xilinx\opendv\4_gpio_interrupt\4_gpio_interrupt.sdk\4_gpio_interrupt\src" -I"F:\a_Max\max_xilinx\opendv\4_gpio_interrupt\4_gpio_interrupt.sdk\4_gpio_interrupt\src\interrput" -I"F:\a_Max\max_xilinx\opendv\4_gpio_interrupt\4_gpio_interrupt.sdk\4_gpio_interrupt\src\key" -I"F:\a_Max\max_xilinx\opendv\4_gpio_interrupt\4_gpio_interrupt.sdk\4_gpio_interrupt\src\led" -c -fmessage-length=0 -MT"src/main.o" -mcpu=cortex-a9 -mfpu=vfpv3 -mfloat-abi=hard -MMD -MP -MF"src/main.d" -MT"src/main.o" -o "src/main.o" "../src/main.c"
'Finished building: ../src/main.c'
' '
'Building target: 4_gpio_interrupt.elf'
'Invoking: ARM v7 gcc linker'
arm-none-eabi-gcc -mcpu=cortex-a9 -mfpu=vfpv3 -mfloat-abi=hard -Wl,-build-id=none -specs=Xilinx.spec -Wl,-T -Wl,../src/lscript.ld -L../../4_gpio_interrupt_bsp/ps7_cortexa9_0/lib -o "4_gpio_interrupt.elf"  ./src/led/user_led.o  ./src/key/user_key.o  ./src/interrput/interrput.o  ./src/GPIO/user_gpio.o  ./src/main.o ./src/platform.o   -Wl,--start-group,-lxil,-lgcc,-lc,--end-group
'Finished building target: 4_gpio_interrupt.elf'
' '
'Invoking: ARM v7 Print Size'
arm-none-eabi-size 4_gpio_interrupt.elf  |tee "4_gpio_interrupt.elf.size"
   text	   data	    bss	    dec	    hex	filename
  31076	   1928	  22600	  55604	   d934	4_gpio_interrupt.elf
'Finished building: 4_gpio_interrupt.elf.size'
' '
19:48:24 **** Auto Build of configuration Debug for project 4_gpio_interrupt ****
make pre-build main-build 
a9-linaro-pre-build-step
' '
'Building file: ../src/interrput/interrput.c'
'Invoking: ARM v7 gcc compiler'
arm-none-eabi-gcc -Wall -O0 -g3 -I../../4_gpio_interrupt_bsp/ps7_cortexa9_0/include -I"F:\a_Max\max_xilinx\opendv\4_gpio_interrupt\4_gpio_interrupt.sdk\4_gpio_interrupt\src\GPIO" -I"F:\a_Max\max_xilinx\opendv\4_gpio_interrupt\4_gpio_interrupt.sdk\4_gpio_interrupt\src" -I"F:\a_Max\max_xilinx\opendv\4_gpio_interrupt\4_gpio_interrupt.sdk\4_gpio_interrupt\src\interrput" -I"F:\a_Max\max_xilinx\opendv\4_gpio_interrupt\4_gpio_interrupt.sdk\4_gpio_interrupt\src\key" -I"F:\a_Max\max_xilinx\opendv\4_gpio_interrupt\4_gpio_interrupt.sdk\4_gpio_interrupt\src\led" -c -fmessage-length=0 -MT"src/interrput/interrput.o" -mcpu=cortex-a9 -mfpu=vfpv3 -mfloat-abi=hard -MMD -MP -MF"src/interrput/interrput.d" -MT"src/interrput/interrput.o" -o "src/interrput/interrput.o" "../src/interrput/interrput.c"
../src/interrput/interrput.c: In function 'interrupt_init':
../src/interrput/interrput.c:43:1: warning: control reaches end of non-void function [-Wreturn-type]
 }
 ^
'Finished building: ../src/interrput/interrput.c'
' '
'Building target: 4_gpio_interrupt.elf'
'Invoking: ARM v7 gcc linker'
arm-none-eabi-gcc -mcpu=cortex-a9 -mfpu=vfpv3 -mfloat-abi=hard -Wl,-build-id=none -specs=Xilinx.spec -Wl,-T -Wl,../src/lscript.ld -L../../4_gpio_interrupt_bsp/ps7_cortexa9_0/lib -o "4_gpio_interrupt.elf"  ./src/led/user_led.o  ./src/key/user_key.o  ./src/interrput/interrput.o  ./src/GPIO/user_gpio.o  ./src/main.o ./src/platform.o   -Wl,--start-group,-lxil,-lgcc,-lc,--end-group
'Finished building target: 4_gpio_interrupt.elf'
' '
'Invoking: ARM v7 Print Size'
arm-none-eabi-size 4_gpio_interrupt.elf  |tee "4_gpio_interrupt.elf.size"
   text	   data	    bss	    dec	    hex	filename
  31076	   1928	  22600	  55604	   d934	4_gpio_interrupt.elf
'Finished building: 4_gpio_interrupt.elf.size'
' '
19:49:21 **** Auto Build of configuration Debug for project 4_gpio_interrupt ****
make pre-build main-build 
a9-linaro-pre-build-step
' '
'Building file: ../src/main.c'
'Invoking: ARM v7 gcc compiler'
arm-none-eabi-gcc -Wall -O0 -g3 -I../../4_gpio_interrupt_bsp/ps7_cortexa9_0/include -I"F:\a_Max\max_xilinx\opendv\4_gpio_interrupt\4_gpio_interrupt.sdk\4_gpio_interrupt\src\GPIO" -I"F:\a_Max\max_xilinx\opendv\4_gpio_interrupt\4_gpio_interrupt.sdk\4_gpio_interrupt\src" -I"F:\a_Max\max_xilinx\opendv\4_gpio_interrupt\4_gpio_interrupt.sdk\4_gpio_interrupt\src\interrput" -I"F:\a_Max\max_xilinx\opendv\4_gpio_interrupt\4_gpio_interrupt.sdk\4_gpio_interrupt\src\key" -I"F:\a_Max\max_xilinx\opendv\4_gpio_interrupt\4_gpio_interrupt.sdk\4_gpio_interrupt\src\led" -c -fmessage-length=0 -MT"src/main.o" -mcpu=cortex-a9 -mfpu=vfpv3 -mfloat-abi=hard -MMD -MP -MF"src/main.d" -MT"src/main.o" -o "src/main.o" "../src/main.c"
'Finished building: ../src/main.c'
' '
'Building target: 4_gpio_interrupt.elf'
'Invoking: ARM v7 gcc linker'
arm-none-eabi-gcc -mcpu=cortex-a9 -mfpu=vfpv3 -mfloat-abi=hard -Wl,-build-id=none -specs=Xilinx.spec -Wl,-T -Wl,../src/lscript.ld -L../../4_gpio_interrupt_bsp/ps7_cortexa9_0/lib -o "4_gpio_interrupt.elf"  ./src/led/user_led.o  ./src/key/user_key.o  ./src/interrput/interrput.o  ./src/GPIO/user_gpio.o  ./src/main.o ./src/platform.o   -Wl,--start-group,-lxil,-lgcc,-lc,--end-group
'Finished building target: 4_gpio_interrupt.elf'
' '
'Invoking: ARM v7 Print Size'
arm-none-eabi-size 4_gpio_interrupt.elf  |tee "4_gpio_interrupt.elf.size"
   text	   data	    bss	    dec	    hex	filename
  31076	   1928	  22600	  55604	   d934	4_gpio_interrupt.elf
'Finished building: 4_gpio_interrupt.elf.size'
' '
19:55:59 **** Incremental Build of configuration Debug for project 4_gpio_interrupt ****
make pre-build main-build 
a9-linaro-pre-build-step
' '
make: Nothing to be done for 'main-build'.
19:57:41 **** Incremental Build of configuration Debug for project 4_gpio_interrupt ****
make pre-build main-build 
a9-linaro-pre-build-step
' '
make: Nothing to be done for 'main-build'.
