20:45:57 **** Auto Build of configuration Debug for project gpio_mio ****
make pre-build main-build 
a9-linaro-pre-build-step
 
Building file: ../src/main.c
Invoking: ARM v7 gcc compiler
arm-none-eabi-gcc -Wall -O0 -g3 -I../../gpio_mio_bsp/ps7_cortexa9_0/include -I"G:\a_max\max_xilinx\max\2_gpio_mio\gpio_mio.sdk\gpio_mio\src\led" -I"G:\a_max\max_xilinx\max\2_gpio_mio\gpio_mio.sdk\gpio_mio\src\GPIO" -c -fmessage-length=0 -MT"src/main.o" -mcpu=cortex-a9 -mfpu=vfpv3 -mfloat-abi=hard -MMD -MP -MF"src/main.d" -MT"src/main.d" -o "src/main.o" "../src/main.c"
Finished building: ../src/main.c
 
Building target: gpio_mio.elf
Invoking: ARM v7 gcc linker
arm-none-eabi-gcc -mcpu=cortex-a9 -mfpu=vfpv3 -mfloat-abi=hard -Wl,-build-id=none -specs=Xilinx.spec -Wl,-T -Wl,../src/lscript.ld -L../../gpio_mio_bsp/ps7_cortexa9_0/lib -o "gpio_mio.elf"  ./src/led/user_led.o  ./src/GPIO/user_gpio.o  ./src/main.o   -Wl,--start-group,-lxil,-lgcc,-lc,--end-group
Finished building target: gpio_mio.elf
 
Invoking: ARM v7 Print Size
arm-none-eabi-size gpio_mio.elf  |tee "gpio_mio.elf.size"
   text	   data	    bss	    dec	    hex	filename
  27064	   1152	  22616	  50832	   c690	gpio_mio.elf
Finished building: gpio_mio.elf.size
 

20:45:59 Build Finished (took 2s.388ms)

