15:43:02 **** Incremental Build of configuration Debug for project hello_word ****
make pre-build main-build 
a9-linaro-pre-build-step
' '
'Building target: hello_word.elf'
'Invoking: ARM v7 gcc linker'
arm-none-eabi-gcc -mcpu=cortex-a9 -mfpu=vfpv3 -mfloat-abi=hard -Wl,-build-id=none -specs=Xilinx.spec -Wl,-T -Wl,../src/lscript.ld -L../../hello_word_bsp/ps7_cortexa9_0/lib -o "hello_word.elf"  ./src/helloworld.o ./src/main.o ./src/platform.o   -Wl,--start-group,-lxil,-lgcc,-lc,--end-group
./src/main.o: In function `main':
C:\a_max\max\xlinx\opendv\1_hello_world\hello_word.sdk\hello_word\Debug/../src/main.c:8: multiple definition of `main'
./src/helloworld.o:C:\a_max\max\xlinx\opendv\1_hello_world\hello_word.sdk\hello_word\Debug/../src/helloworld.c:54: first defined here
collect2.exe: error: ld returned 1 exit status
make: *** [makefile:41: hello_word.elf] Error 1
15:43:48 **** Auto Build of configuration Debug for project hello_word ****
make pre-build main-build 
a9-linaro-pre-build-step
' '
'Building file: ../src/main.c'
'Invoking: ARM v7 gcc compiler'
arm-none-eabi-gcc -Wall -O0 -g3 -c -fmessage-length=0 -MT"src/main.o" -mcpu=cortex-a9 -mfpu=vfpv3 -mfloat-abi=hard -I../../hello_word_bsp/ps7_cortexa9_0/include -MMD -MP -MF"src/main.d" -MT"src/main.o" -o "src/main.o" "../src/main.c"
'Finished building: ../src/main.c'
' '
'Building target: hello_word.elf'
'Invoking: ARM v7 gcc linker'
arm-none-eabi-gcc -mcpu=cortex-a9 -mfpu=vfpv3 -mfloat-abi=hard -Wl,-build-id=none -specs=Xilinx.spec -Wl,-T -Wl,../src/lscript.ld -L../../hello_word_bsp/ps7_cortexa9_0/lib -o "hello_word.elf"  ./src/helloworld.o ./src/main.o ./src/platform.o   -Wl,--start-group,-lxil,-lgcc,-lc,--end-group
./src/main.o: In function `main':
C:\a_max\max\xlinx\opendv\1_hello_world\hello_word.sdk\hello_word\Debug/../src/main.c:8: multiple definition of `main'
./src/helloworld.o:C:\a_max\max\xlinx\opendv\1_hello_world\hello_word.sdk\hello_word\Debug/../src/helloworld.c:54: first defined here
collect2.exe: error: ld returned 1 exit status
make: *** [makefile:41: hello_word.elf] Error 1
15:45:15 **** Clean-only build of configuration Debug for project hello_word ****
make clean 
rm -rf  ./src/helloworld.o ./src/main.o ./src/platform.o  ./src/helloworld.d ./src/main.d ./src/platform.d  hello_word.elf.size  hello_word.elf
' '
15:45:15 **** Auto Build of configuration Debug for project hello_word ****
make pre-build main-build 
a9-linaro-pre-build-step
' '
'Building file: ../src/main.c'
'Invoking: ARM v7 gcc compiler'
arm-none-eabi-gcc -Wall -O0 -g3 -c -fmessage-length=0 -MT"src/main.o" -mcpu=cortex-a9 -mfpu=vfpv3 -mfloat-abi=hard -I../../hello_word_bsp/ps7_cortexa9_0/include -MMD -MP -MF"src/main.d" -MT"src/main.o" -o "src/main.o" "../src/main.c"
'Finished building: ../src/main.c'
' '
'Building file: ../src/platform.c'
'Invoking: ARM v7 gcc compiler'
arm-none-eabi-gcc -Wall -O0 -g3 -c -fmessage-length=0 -MT"src/platform.o" -mcpu=cortex-a9 -mfpu=vfpv3 -mfloat-abi=hard -I../../hello_word_bsp/ps7_cortexa9_0/include -MMD -MP -MF"src/platform.d" -MT"src/platform.o" -o "src/platform.o" "../src/platform.c"
'Finished building: ../src/platform.c'
' '
'Building target: hello_word.elf'
'Invoking: ARM v7 gcc linker'
arm-none-eabi-gcc -mcpu=cortex-a9 -mfpu=vfpv3 -mfloat-abi=hard -Wl,-build-id=none -specs=Xilinx.spec -Wl,-T -Wl,../src/lscript.ld -L../../hello_word_bsp/ps7_cortexa9_0/lib -o "hello_word.elf"  ./src/main.o ./src/platform.o   -Wl,--start-group,-lxil,-lgcc,-lc,--end-group
'Finished building target: hello_word.elf'
' '
'Invoking: ARM v7 Print Size'
arm-none-eabi-size hello_word.elf  |tee "hello_word.elf.size"
   text	   data	    bss	    dec	    hex	filename
  70352	   2580	  23328	  96260	  17804	hello_word.elf
'Finished building: hello_word.elf.size'
' '
15:47:00 **** Incremental Build of configuration Debug for project hello_word ****
make pre-build main-build 
a9-linaro-pre-build-step
' '
make: Nothing to be done for 'main-build'.
15:47:42 **** Auto Build of configuration Debug for project hello_word ****
make pre-build main-build 
a9-linaro-pre-build-step
' '
'Building file: ../src/main.c'
'Invoking: ARM v7 gcc compiler'
arm-none-eabi-gcc -Wall -O0 -g3 -c -fmessage-length=0 -MT"src/main.o" -mcpu=cortex-a9 -mfpu=vfpv3 -mfloat-abi=hard -I../../hello_word_bsp/ps7_cortexa9_0/include -MMD -MP -MF"src/main.d" -MT"src/main.o" -o "src/main.o" "../src/main.c"
'Finished building: ../src/main.c'
' '
'Building target: hello_word.elf'
'Invoking: ARM v7 gcc linker'
arm-none-eabi-gcc -mcpu=cortex-a9 -mfpu=vfpv3 -mfloat-abi=hard -Wl,-build-id=none -specs=Xilinx.spec -Wl,-T -Wl,../src/lscript.ld -L../../hello_word_bsp/ps7_cortexa9_0/lib -o "hello_word.elf"  ./src/main.o ./src/platform.o   -Wl,--start-group,-lxil,-lgcc,-lc,--end-group
'Finished building target: hello_word.elf'
' '
'Invoking: ARM v7 Print Size'
arm-none-eabi-size hello_word.elf  |tee "hello_word.elf.size"
   text	   data	    bss	    dec	    hex	filename
  31912	   2184	  22632	  56728	   dd98	hello_word.elf
'Finished building: hello_word.elf.size'
' '
15:47:47 **** Incremental Build of configuration Debug for project hello_word ****
make pre-build main-build 
a9-linaro-pre-build-step
' '
make: Nothing to be done for 'main-build'.
15:48:46 **** Incremental Build of configuration Debug for project hello_word ****
make pre-build main-build 
a9-linaro-pre-build-step
' '
make: Nothing to be done for 'main-build'.
