#-----------------------------------------------------------
# Vivado v2018.3 (64-bit)
# SW Build 2405991 on Thu Dec  6 23:38:27 MST 2018
# IP Build 2404404 on Fri Dec  7 01:43:56 MST 2018
# Start of session at: Thu Jan 16 20:02:46 2020
# Process ID: 5356
# Current directory: F:/lfas/finish/PS/ov5640_gray_lcd
# Command line: vivado.exe -gui_launcher_event rodinguilauncherevent7508 F:\lfas\finish\PS\ov5640_gray_lcd\ov5640_gray_lcd.xpr
# Log file: F:/lfas/finish/PS/ov5640_gray_lcd/vivado.log
# Journal file: F:/lfas/finish/PS/ov5640_gray_lcd\vivado.jou
#-----------------------------------------------------------
start_gui
open_project F:/lfas/finish/PS/ov5640_gray_lcd/ov5640_gray_lcd.xpr
update_compile_order -fileset sources_1
open_bd_design {F:/lfas/finish/PS/ov5640_gray_lcd/ov5640_gray_lcd.srcs/sources_1/bd/design_1/design_1.bd}
set_property  ip_repo_paths  f:/lfas/edge/23_ov5640_lcd/ip_repo [current_project]
update_ip_catalog
set_property  ip_repo_paths  {f:/lfas/edge/23_ov5640_lcd/ip_repo F:/lfas/finish/PS/ov5640_gray_lcd/ip_repo/rgb2ycbcr} [current_project]
update_ip_catalog
startgroup
create_bd_cell -type ip -vlnv opnendv.com:user:rgb2ycbcr:1.0 rgb2ycbcr_1
endgroup
delete_bd_objs [get_bd_nets ov5640_capture_data_0_cmos_frame_ce] [get_bd_nets rgb2ycbcr_0_ycbcbr_clken] [get_bd_intf_nets ov5640_capture_data_0_cmos_rgb] [get_bd_intf_nets rgb2ycbcr_0_pos_image] [get_bd_cells rgb2ycbcr_0]
set_property location {2.5 747 803} [get_bd_cells rgb2ycbcr_1]
set_property location {2 728 716} [get_bd_cells rgb2ycbcr_1]
connect_bd_intf_net [get_bd_intf_pins ov5640_capture_data_0/cmos_rgb] [get_bd_intf_pins rgb2ycbcr_1/pre_image]
connect_bd_net [get_bd_pins ov5640_capture_data_0/cmos_frame_ce] [get_bd_pins rgb2ycbcr_1/rgb_clken]
connect_bd_net [get_bd_pins rgb2ycbcr_1/clk] [get_bd_pins ov5640_capture_data_0/cmos_frame_clk]
connect_bd_net [get_bd_pins rgb2ycbcr_1/rst_n] [get_bd_pins axi_dynclk_0/LOCKED_O]
connect_bd_intf_net [get_bd_intf_pins rgb2ycbcr_1/pos_image] [get_bd_intf_pins v_vid_in_axi4s_0/vid_io_in]
connect_bd_net [get_bd_pins rgb2ycbcr_1/ycbcbr_clken] [get_bd_pins v_vid_in_axi4s_0/vid_io_in_ce]
validate_bd_design
generate_target all [get_files  F:/lfas/finish/PS/ov5640_gray_lcd/ov5640_gray_lcd.srcs/sources_1/bd/design_1/design_1.bd]
catch { config_ip_cache -export [get_ips -all design_1_auto_pc_0] }
catch { config_ip_cache -export [get_ips -all design_1_rgb2ycbcr_1_0] }
export_ip_user_files -of_objects [get_files F:/lfas/finish/PS/ov5640_gray_lcd/ov5640_gray_lcd.srcs/sources_1/bd/design_1/design_1.bd] -no_script -sync -force -quiet
create_ip_run [get_files -of_objects [get_fileset sources_1] F:/lfas/finish/PS/ov5640_gray_lcd/ov5640_gray_lcd.srcs/sources_1/bd/design_1/design_1.bd]
export_simulation -of_objects [get_files F:/lfas/finish/PS/ov5640_gray_lcd/ov5640_gray_lcd.srcs/sources_1/bd/design_1/design_1.bd] -directory F:/lfas/finish/PS/ov5640_gray_lcd/ov5640_gray_lcd.ip_user_files/sim_scripts -ip_user_files_dir F:/lfas/finish/PS/ov5640_gray_lcd/ov5640_gray_lcd.ip_user_files -ipstatic_source_dir F:/lfas/finish/PS/ov5640_gray_lcd/ov5640_gray_lcd.ip_user_files/ipstatic -lib_map_path [list {modelsim=F:/lfas/finish/PS/ov5640_gray_lcd/ov5640_gray_lcd.cache/compile_simlib/modelsim} {questa=F:/lfas/finish/PS/ov5640_gray_lcd/ov5640_gray_lcd.cache/compile_simlib/questa} {riviera=F:/lfas/finish/PS/ov5640_gray_lcd/ov5640_gray_lcd.cache/compile_simlib/riviera} {activehdl=F:/lfas/finish/PS/ov5640_gray_lcd/ov5640_gray_lcd.cache/compile_simlib/activehdl}] -use_ip_compiled_libs -force -quiet
make_wrapper -files [get_files F:/lfas/finish/PS/ov5640_gray_lcd/ov5640_gray_lcd.srcs/sources_1/bd/design_1/design_1.bd] -top
reset_run synth_1
launch_runs impl_1 -to_step write_bitstream -jobs 4
wait_on_run impl_1
file copy -force F:/lfas/finish/PS/ov5640_gray_lcd/ov5640_gray_lcd.runs/impl_1/design_1_wrapper.sysdef F:/lfas/finish/PS/ov5640_gray_lcd/ov5640_gray_lcd.sdk/design_1_wrapper.hdf

launch_sdk -workspace F:/lfas/finish/PS/ov5640_gray_lcd/ov5640_gray_lcd.sdk -hwspec F:/lfas/finish/PS/ov5640_gray_lcd/ov5640_gray_lcd.sdk/design_1_wrapper.hdf
file copy -force F:/lfas/finish/PS/ov5640_gray_lcd/ov5640_gray_lcd.runs/impl_1/design_1_wrapper.sysdef F:/lfas/finish/PS/ov5640_gray_lcd/ov5640_gray_lcd.sdk/design_1_wrapper.hdf

launch_sdk -workspace F:/lfas/finish/PS/ov5640_gray_lcd/ov5640_gray_lcd.sdk -hwspec F:/lfas/finish/PS/ov5640_gray_lcd/ov5640_gray_lcd.sdk/design_1_wrapper.hdf
file copy -force F:/lfas/finish/PS/ov5640_gray_lcd/ov5640_gray_lcd.runs/impl_1/design_1_wrapper.sysdef F:/lfas/finish/PS/ov5640_gray_lcd/ov5640_gray_lcd.sdk/design_1_wrapper.hdf

launch_sdk -workspace F:/lfas/finish/PS/ov5640_gray_lcd/ov5640_gray_lcd.sdk -hwspec F:/lfas/finish/PS/ov5640_gray_lcd/ov5640_gray_lcd.sdk/design_1_wrapper.hdf
file mkdir F:/lfas/finish/PS/ov5640_gray_lcd/ov5640_gray_lcd.sdk
file copy -force F:/lfas/finish/PS/ov5640_gray_lcd/ov5640_gray_lcd.runs/impl_1/design_1_wrapper.sysdef F:/lfas/finish/PS/ov5640_gray_lcd/ov5640_gray_lcd.sdk/design_1_wrapper.hdf

launch_sdk -workspace F:/lfas/finish/PS/ov5640_gray_lcd/ov5640_gray_lcd.sdk -hwspec F:/lfas/finish/PS/ov5640_gray_lcd/ov5640_gray_lcd.sdk/design_1_wrapper.hdf
