--------------------------------------------------------------------------------
Release 14.7 Trace  (nt)
Copyright (c) 1995-2013 Xilinx, Inc.  All rights reserved.

C:\ISE14.7\14.7\ISE_DS\ISE\bin\nt\unwrapped\trce.exe -intstyle ise -v 3 -s 4 -n
3 -fastpaths -xml spi_top.twx spi_top.ncd -o spi_top.twr spi_top.pcf -ucf
spi_top.ucf

Design file:              spi_top.ncd
Physical constraint file: spi_top.pcf
Device,package,speed:     xc3s50a,vq100,-4 (PRODUCTION 1.42 2013-10-13)
Report level:             verbose report

Environment Variable      Effect 
--------------------      ------ 
NONE                      No environment variables were set
--------------------------------------------------------------------------------

INFO:Timing:3412 - To improve timing, see the Timing Closure User Guide (UG612).
INFO:Timing:2752 - To get complete path coverage, use the unconstrained paths 
   option. All paths that are not constrained will be reported in the 
   unconstrained paths section(s) of the report.
INFO:Timing:3339 - The clock-to-out numbers in this timing report are based on 
   a 50 Ohm transmission line loading model.  For the details of this model, 
   and for more information on accounting for different loading conditions, 
   please see the device datasheet.
INFO:Timing:3390 - This architecture does not support a default System Jitter 
   value, please add SYSTEM_JITTER constraint to the UCF to modify the Clock 
   Uncertainty calculation.
INFO:Timing:3389 - This architecture does not support 'Discrete Jitter' and 
   'Phase Error' calculations, these terms will be zero in the Clock 
   Uncertainty calculation.  Please make appropriate modification to 
   SYSTEM_JITTER to account for the unsupported Discrete Jitter and Phase 
   Error.

================================================================================
Timing constraint: PATH "TS_D2_TO_T2_ila_pro_0_path" TIG;

 3 paths analyzed, 3 endpoints analyzed, 0 failing endpoints
 0 timing errors detected. (0 setup errors, 0 hold errors)
--------------------------------------------------------------------------------

Paths for end point U_ila_pro_0/U0/I_NO_D.U_ILA/U_STAT/U_TDO (SLICE_X20Y7.F4), 1 path
--------------------------------------------------------------------------------
Delay (setup path):     5.677ns (data path - clock path skew + uncertainty)
  Source:               U_ila_pro_0/U0/I_NO_D.U_ILA/U_STAT/U_DIRTY_LDC (LATCH)
  Destination:          U_ila_pro_0/U0/I_NO_D.U_ILA/U_STAT/U_TDO (FF)
  Data Path Delay:      5.677ns (Levels of Logic = 4)
  Clock Path Skew:      0.000ns
  Source Clock:         icon_control0<13> falling
  Destination Clock:    icon_control0<0> rising
  Clock Uncertainty:    0.000ns

  Maximum Data Path: U_ila_pro_0/U0/I_NO_D.U_ILA/U_STAT/U_DIRTY_LDC to U_ila_pro_0/U0/I_NO_D.U_ILA/U_STAT/U_TDO
    Location             Delay type         Delay(ns)  Physical Resource
                                                       Logical Resource(s)
    -------------------------------------------------  -------------------
    SLICE_X23Y13.YQ      Tcklo                 0.705   U_ila_pro_0/U0/I_NO_D.U_ILA/U_STAT/DIRTY_SEL
                                                       U_ila_pro_0/U0/I_NO_D.U_ILA/U_STAT/U_DIRTY_LDC
    SLICE_X22Y12.F1      net (fanout=1)        0.453   U_ila_pro_0/U0/I_NO_D.U_ILA/U_STAT/DIRTY_SEL
    SLICE_X22Y12.X       Tilo                  0.692   U_ila_pro_0/U0/I_NO_D.U_ILA/U_STAT/DIRTY_D0
                                                       U_ila_pro_0/U0/I_NO_D.U_ILA/U_STAT/DIRTY_dstat1
    SLICE_X22Y10.G2      net (fanout=2)        0.469   U_ila_pro_0/U0/I_NO_D.U_ILA/U_STAT/DIRTY_dstat
    SLICE_X22Y10.X       Tif5x                 0.987   U_ila_pro_0/U0/I_NO_D.U_ILA/U_STAT/U_DMUX/U_CS_MUX/I3.U_MUX8/Mmux_O_91
                                                       U_ila_pro_0/U0/I_NO_D.U_ILA/U_STAT/U_DMUX/U_CS_MUX/I3.U_MUX8/Mmux_O_91_F
                                                       U_ila_pro_0/U0/I_NO_D.U_ILA/U_STAT/U_DMUX/U_CS_MUX/I3.U_MUX8/Mmux_O_91
    SLICE_X21Y7.G4       net (fanout=1)        0.585   U_ila_pro_0/U0/I_NO_D.U_ILA/U_STAT/U_DMUX/U_CS_MUX/I3.U_MUX8/Mmux_O_91
    SLICE_X21Y7.X        Tif5x                 0.924   U_ila_pro_0/U0/I_NO_D.U_ILA/U_STAT/TDO_mux_in<0>1
                                                       U_ila_pro_0/U0/I_NO_D.U_ILA/U_STAT/U_DMUX/U_CS_MUX/I3.U_MUX8/Mmux_O_4
                                                       U_ila_pro_0/U0/I_NO_D.U_ILA/U_STAT/U_DMUX/U_CS_MUX/I3.U_MUX8/Mmux_O_2_f5
    SLICE_X20Y7.F4       net (fanout=1)        0.060   U_ila_pro_0/U0/I_NO_D.U_ILA/U_STAT/TDO_mux_in<0>1
    SLICE_X20Y7.CLK      Tfck                  0.802   U_ila_pro_0/U0/I_NO_D.U_ILA/iSTAT_DOUT
                                                       U_ila_pro_0/U0/I_NO_D.U_ILA/U_STAT/U_MUX/U_CS_MUX/I1.U_MUX2/O56
                                                       U_ila_pro_0/U0/I_NO_D.U_ILA/U_STAT/U_TDO
    -------------------------------------------------  ---------------------------
    Total                                      5.677ns (4.110ns logic, 1.567ns route)
                                                       (72.4% logic, 27.6% route)

--------------------------------------------------------------------------------

Paths for end point U_ila_pro_0/U0/I_NO_D.U_ILA/U_STAT/U_DIRTY_FDPE (SLICE_X23Y12.BY), 1 path
--------------------------------------------------------------------------------
Delay (setup path):     2.639ns (data path - clock path skew + uncertainty)
  Source:               U_ila_pro_0/U0/I_NO_D.U_ILA/U_STAT/U_DIRTY_LDC (LATCH)
  Destination:          U_ila_pro_0/U0/I_NO_D.U_ILA/U_STAT/U_DIRTY_FDPE (FF)
  Data Path Delay:      2.639ns (Levels of Logic = 1)
  Clock Path Skew:      0.000ns
  Source Clock:         icon_control0<13> falling
  Destination Clock:    icon_control0<0> rising
  Clock Uncertainty:    0.000ns

  Maximum Data Path: U_ila_pro_0/U0/I_NO_D.U_ILA/U_STAT/U_DIRTY_LDC to U_ila_pro_0/U0/I_NO_D.U_ILA/U_STAT/U_DIRTY_FDPE
    Location             Delay type         Delay(ns)  Physical Resource
                                                       Logical Resource(s)
    -------------------------------------------------  -------------------
    SLICE_X23Y13.YQ      Tcklo                 0.705   U_ila_pro_0/U0/I_NO_D.U_ILA/U_STAT/DIRTY_SEL
                                                       U_ila_pro_0/U0/I_NO_D.U_ILA/U_STAT/U_DIRTY_LDC
    SLICE_X22Y12.F1      net (fanout=1)        0.453   U_ila_pro_0/U0/I_NO_D.U_ILA/U_STAT/DIRTY_SEL
    SLICE_X22Y12.X       Tilo                  0.692   U_ila_pro_0/U0/I_NO_D.U_ILA/U_STAT/DIRTY_D0
                                                       U_ila_pro_0/U0/I_NO_D.U_ILA/U_STAT/DIRTY_dstat1
    SLICE_X23Y12.BY      net (fanout=2)        0.475   U_ila_pro_0/U0/I_NO_D.U_ILA/U_STAT/DIRTY_dstat
    SLICE_X23Y12.CLK     Tdick                 0.314   U_ila_pro_0/U0/I_NO_D.U_ILA/U_STAT/DIRTY_D1
                                                       U_ila_pro_0/U0/I_NO_D.U_ILA/U_STAT/U_DIRTY_FDPE
    -------------------------------------------------  ---------------------------
    Total                                      2.639ns (1.711ns logic, 0.928ns route)
                                                       (64.8% logic, 35.2% route)

--------------------------------------------------------------------------------

Paths for end point U_ila_pro_0/U0/I_NO_D.U_ILA/U_STAT/U_DIRTY_FDCE (SLICE_X22Y12.F1), 1 path
--------------------------------------------------------------------------------
Delay (setup path):     1.960ns (data path - clock path skew + uncertainty)
  Source:               U_ila_pro_0/U0/I_NO_D.U_ILA/U_STAT/U_DIRTY_LDC (LATCH)
  Destination:          U_ila_pro_0/U0/I_NO_D.U_ILA/U_STAT/U_DIRTY_FDCE (FF)
  Data Path Delay:      1.960ns (Levels of Logic = 1)
  Clock Path Skew:      0.000ns
  Source Clock:         icon_control0<13> falling
  Destination Clock:    icon_control0<0> rising
  Clock Uncertainty:    0.000ns

  Maximum Data Path: U_ila_pro_0/U0/I_NO_D.U_ILA/U_STAT/U_DIRTY_LDC to U_ila_pro_0/U0/I_NO_D.U_ILA/U_STAT/U_DIRTY_FDCE
    Location             Delay type         Delay(ns)  Physical Resource
                                                       Logical Resource(s)
    -------------------------------------------------  -------------------
    SLICE_X23Y13.YQ      Tcklo                 0.705   U_ila_pro_0/U0/I_NO_D.U_ILA/U_STAT/DIRTY_SEL
                                                       U_ila_pro_0/U0/I_NO_D.U_ILA/U_STAT/U_DIRTY_LDC
    SLICE_X22Y12.F1      net (fanout=1)        0.453   U_ila_pro_0/U0/I_NO_D.U_ILA/U_STAT/DIRTY_SEL
    SLICE_X22Y12.CLK     Tfck                  0.802   U_ila_pro_0/U0/I_NO_D.U_ILA/U_STAT/DIRTY_D0
                                                       U_ila_pro_0/U0/I_NO_D.U_ILA/U_STAT/DIRTY_dstat1
                                                       U_ila_pro_0/U0/I_NO_D.U_ILA/U_STAT/U_DIRTY_FDCE
    -------------------------------------------------  ---------------------------
    Total                                      1.960ns (1.507ns logic, 0.453ns route)
                                                       (76.9% logic, 23.1% route)

--------------------------------------------------------------------------------

Hold Paths: PATH "TS_D2_TO_T2_ila_pro_0_path" TIG;
--------------------------------------------------------------------------------

Paths for end point U_ila_pro_0/U0/I_NO_D.U_ILA/U_STAT/U_DIRTY_FDCE (SLICE_X22Y12.F1), 1 path
--------------------------------------------------------------------------------
Delay (hold path):      1.431ns (datapath - clock path skew - uncertainty)
  Source:               U_ila_pro_0/U0/I_NO_D.U_ILA/U_STAT/U_DIRTY_LDC (LATCH)
  Destination:          U_ila_pro_0/U0/I_NO_D.U_ILA/U_STAT/U_DIRTY_FDCE (FF)
  Data Path Delay:      1.431ns (Levels of Logic = 1)
  Clock Path Skew:      0.000ns
  Source Clock:         icon_control0<13> falling
  Destination Clock:    icon_control0<0> rising
  Clock Uncertainty:    0.000ns

  Minimum Data Path: U_ila_pro_0/U0/I_NO_D.U_ILA/U_STAT/U_DIRTY_LDC to U_ila_pro_0/U0/I_NO_D.U_ILA/U_STAT/U_DIRTY_FDCE
    Location             Delay type         Delay(ns)  Physical Resource
                                                       Logical Resource(s)
    -------------------------------------------------  -------------------
    SLICE_X23Y13.YQ      Tcklo                 0.564   U_ila_pro_0/U0/I_NO_D.U_ILA/U_STAT/DIRTY_SEL
                                                       U_ila_pro_0/U0/I_NO_D.U_ILA/U_STAT/U_DIRTY_LDC
    SLICE_X22Y12.F1      net (fanout=1)        0.362   U_ila_pro_0/U0/I_NO_D.U_ILA/U_STAT/DIRTY_SEL
    SLICE_X22Y12.CLK     Tckf        (-Th)    -0.505   U_ila_pro_0/U0/I_NO_D.U_ILA/U_STAT/DIRTY_D0
                                                       U_ila_pro_0/U0/I_NO_D.U_ILA/U_STAT/DIRTY_dstat1
                                                       U_ila_pro_0/U0/I_NO_D.U_ILA/U_STAT/U_DIRTY_FDCE
    -------------------------------------------------  ---------------------------
    Total                                      1.431ns (1.069ns logic, 0.362ns route)
                                                       (74.7% logic, 25.3% route)

--------------------------------------------------------------------------------

Paths for end point U_ila_pro_0/U0/I_NO_D.U_ILA/U_STAT/U_DIRTY_FDPE (SLICE_X23Y12.BY), 1 path
--------------------------------------------------------------------------------
Delay (hold path):      2.000ns (datapath - clock path skew - uncertainty)
  Source:               U_ila_pro_0/U0/I_NO_D.U_ILA/U_STAT/U_DIRTY_LDC (LATCH)
  Destination:          U_ila_pro_0/U0/I_NO_D.U_ILA/U_STAT/U_DIRTY_FDPE (FF)
  Data Path Delay:      2.000ns (Levels of Logic = 1)
  Clock Path Skew:      0.000ns
  Source Clock:         icon_control0<13> falling
  Destination Clock:    icon_control0<0> rising
  Clock Uncertainty:    0.000ns

  Minimum Data Path: U_ila_pro_0/U0/I_NO_D.U_ILA/U_STAT/U_DIRTY_LDC to U_ila_pro_0/U0/I_NO_D.U_ILA/U_STAT/U_DIRTY_FDPE
    Location             Delay type         Delay(ns)  Physical Resource
                                                       Logical Resource(s)
    -------------------------------------------------  -------------------
    SLICE_X23Y13.YQ      Tcklo                 0.564   U_ila_pro_0/U0/I_NO_D.U_ILA/U_STAT/DIRTY_SEL
                                                       U_ila_pro_0/U0/I_NO_D.U_ILA/U_STAT/U_DIRTY_LDC
    SLICE_X22Y12.F1      net (fanout=1)        0.362   U_ila_pro_0/U0/I_NO_D.U_ILA/U_STAT/DIRTY_SEL
    SLICE_X22Y12.X       Tilo                  0.554   U_ila_pro_0/U0/I_NO_D.U_ILA/U_STAT/DIRTY_D0
                                                       U_ila_pro_0/U0/I_NO_D.U_ILA/U_STAT/DIRTY_dstat1
    SLICE_X23Y12.BY      net (fanout=2)        0.380   U_ila_pro_0/U0/I_NO_D.U_ILA/U_STAT/DIRTY_dstat
    SLICE_X23Y12.CLK     Tckdi       (-Th)    -0.140   U_ila_pro_0/U0/I_NO_D.U_ILA/U_STAT/DIRTY_D1
                                                       U_ila_pro_0/U0/I_NO_D.U_ILA/U_STAT/U_DIRTY_FDPE
    -------------------------------------------------  ---------------------------
    Total                                      2.000ns (1.258ns logic, 0.742ns route)
                                                       (62.9% logic, 37.1% route)

--------------------------------------------------------------------------------

Paths for end point U_ila_pro_0/U0/I_NO_D.U_ILA/U_STAT/U_TDO (SLICE_X20Y7.F4), 1 path
--------------------------------------------------------------------------------
Delay (hold path):      4.405ns (datapath - clock path skew - uncertainty)
  Source:               U_ila_pro_0/U0/I_NO_D.U_ILA/U_STAT/U_DIRTY_LDC (LATCH)
  Destination:          U_ila_pro_0/U0/I_NO_D.U_ILA/U_STAT/U_TDO (FF)
  Data Path Delay:      4.405ns (Levels of Logic = 4)
  Clock Path Skew:      0.000ns
  Source Clock:         icon_control0<13> falling
  Destination Clock:    icon_control0<0> rising
  Clock Uncertainty:    0.000ns

  Minimum Data Path: U_ila_pro_0/U0/I_NO_D.U_ILA/U_STAT/U_DIRTY_LDC to U_ila_pro_0/U0/I_NO_D.U_ILA/U_STAT/U_TDO
    Location             Delay type         Delay(ns)  Physical Resource
                                                       Logical Resource(s)
    -------------------------------------------------  -------------------
    SLICE_X23Y13.YQ      Tcklo                 0.564   U_ila_pro_0/U0/I_NO_D.U_ILA/U_STAT/DIRTY_SEL
                                                       U_ila_pro_0/U0/I_NO_D.U_ILA/U_STAT/U_DIRTY_LDC
    SLICE_X22Y12.F1      net (fanout=1)        0.362   U_ila_pro_0/U0/I_NO_D.U_ILA/U_STAT/DIRTY_SEL
    SLICE_X22Y12.X       Tilo                  0.554   U_ila_pro_0/U0/I_NO_D.U_ILA/U_STAT/DIRTY_D0
                                                       U_ila_pro_0/U0/I_NO_D.U_ILA/U_STAT/DIRTY_dstat1
    SLICE_X22Y10.G2      net (fanout=2)        0.375   U_ila_pro_0/U0/I_NO_D.U_ILA/U_STAT/DIRTY_dstat
    SLICE_X22Y10.X       Tif5x                 0.790   U_ila_pro_0/U0/I_NO_D.U_ILA/U_STAT/U_DMUX/U_CS_MUX/I3.U_MUX8/Mmux_O_91
                                                       U_ila_pro_0/U0/I_NO_D.U_ILA/U_STAT/U_DMUX/U_CS_MUX/I3.U_MUX8/Mmux_O_91_F
                                                       U_ila_pro_0/U0/I_NO_D.U_ILA/U_STAT/U_DMUX/U_CS_MUX/I3.U_MUX8/Mmux_O_91
    SLICE_X21Y7.G4       net (fanout=1)        0.468   U_ila_pro_0/U0/I_NO_D.U_ILA/U_STAT/U_DMUX/U_CS_MUX/I3.U_MUX8/Mmux_O_91
    SLICE_X21Y7.X        Tif5x                 0.739   U_ila_pro_0/U0/I_NO_D.U_ILA/U_STAT/TDO_mux_in<0>1
                                                       U_ila_pro_0/U0/I_NO_D.U_ILA/U_STAT/U_DMUX/U_CS_MUX/I3.U_MUX8/Mmux_O_4
                                                       U_ila_pro_0/U0/I_NO_D.U_ILA/U_STAT/U_DMUX/U_CS_MUX/I3.U_MUX8/Mmux_O_2_f5
    SLICE_X20Y7.F4       net (fanout=1)        0.048   U_ila_pro_0/U0/I_NO_D.U_ILA/U_STAT/TDO_mux_in<0>1
    SLICE_X20Y7.CLK      Tckf        (-Th)    -0.505   U_ila_pro_0/U0/I_NO_D.U_ILA/iSTAT_DOUT
                                                       U_ila_pro_0/U0/I_NO_D.U_ILA/U_STAT/U_MUX/U_CS_MUX/I1.U_MUX2/O56
                                                       U_ila_pro_0/U0/I_NO_D.U_ILA/U_STAT/U_TDO
    -------------------------------------------------  ---------------------------
    Total                                      4.405ns (3.152ns logic, 1.253ns route)
                                                       (71.6% logic, 28.4% route)

--------------------------------------------------------------------------------

================================================================================
Timing constraint: PATH "TS_J2_TO_D2_ila_pro_0_path" TIG;

 0 paths analyzed, 0 endpoints analyzed, 0 failing endpoints
 0 timing errors detected.
--------------------------------------------------------------------------------

================================================================================
Timing constraint: PATH "TS_J3_TO_D2_ila_pro_0_path" TIG;

 0 paths analyzed, 0 endpoints analyzed, 0 failing endpoints
 0 timing errors detected.
--------------------------------------------------------------------------------

================================================================================
Timing constraint: PATH "TS_J4_TO_D2_ila_pro_0_path" TIG;

 11 paths analyzed, 1 endpoint analyzed, 0 failing endpoints
 0 timing errors detected. (0 setup errors, 0 hold errors)
--------------------------------------------------------------------------------

Paths for end point U_ila_pro_0/U0/I_NO_D.U_ILA/U_STAT/U_DIRTY_LDC (SLICE_X23Y13.CLK), 11 paths
--------------------------------------------------------------------------------
Delay (setup path):     5.476ns (data path)
  Source:               U_icon_pro/U0/U_ICON/U_CMD/G_TARGET[14].I_NE0.U_TARGET (FF)
  Destination:          U_ila_pro_0/U0/I_NO_D.U_ILA/U_STAT/U_DIRTY_LDC (LATCH)
  Data Path Delay:      5.476ns (Levels of Logic = 2)
  Source Clock:         icon_control0<0> rising

  Maximum Data Path: U_icon_pro/U0/U_ICON/U_CMD/G_TARGET[14].I_NE0.U_TARGET to U_ila_pro_0/U0/I_NO_D.U_ILA/U_STAT/U_DIRTY_LDC
    Location             Delay type         Delay(ns)  Physical Resource
                                                       Logical Resource(s)
    -------------------------------------------------  -------------------
    SLICE_X19Y27.YQ      Tcko                  0.580   U_icon_pro/U0/U_ICON/iCORE_ID<3>
                                                       U_icon_pro/U0/U_ICON/U_CMD/G_TARGET[14].I_NE0.U_TARGET
    SLICE_X18Y27.G2      net (fanout=5)        1.319   U_icon_pro/U0/U_ICON/iCORE_ID<2>
    SLICE_X18Y27.Y       Tilo                  0.707   U_icon_pro/U0/U_ICON/iCORE_ID_SEL<15>
                                                       U_icon_pro/U0/U_ICON/U_CMD/U_CORE_ID_SEL/I4.FI[0].U_LUT
    SLICE_X18Y21.G2      net (fanout=10)       1.060   U_icon_pro/U0/U_ICON/iCORE_ID_SEL<0>
    SLICE_X18Y21.Y       Tilo                  0.707   U_ila_pro_0/U0/I_NO_D.U_ILA/U_RST/U_HALT_XFER/din_latched
                                                       U_icon_pro/U0/U_ICON/U_CTRL_OUT/F_NCP[0].F_CMD[9].U_LCE
    SLICE_X23Y13.CLK     net (fanout=4)        1.103   icon_control0<13>
    -------------------------------------------------  ---------------------------
    Total                                      5.476ns (1.994ns logic, 3.482ns route)
                                                       (36.4% logic, 63.6% route)

--------------------------------------------------------------------------------
Delay (setup path):     4.951ns (data path)
  Source:               U_icon_pro/U0/U_ICON/U_CMD/G_TARGET[12].I_NE0.U_TARGET (FF)
  Destination:          U_ila_pro_0/U0/I_NO_D.U_ILA/U_STAT/U_DIRTY_LDC (LATCH)
  Data Path Delay:      4.951ns (Levels of Logic = 2)
  Source Clock:         icon_control0<0> rising

  Maximum Data Path: U_icon_pro/U0/U_ICON/U_CMD/G_TARGET[12].I_NE0.U_TARGET to U_ila_pro_0/U0/I_NO_D.U_ILA/U_STAT/U_DIRTY_LDC
    Location             Delay type         Delay(ns)  Physical Resource
                                                       Logical Resource(s)
    -------------------------------------------------  -------------------
    SLICE_X18Y26.YQ      Tcko                  0.676   U_icon_pro/U0/U_ICON/iCORE_ID<1>
                                                       U_icon_pro/U0/U_ICON/U_CMD/G_TARGET[12].I_NE0.U_TARGET
    SLICE_X18Y27.G4      net (fanout=5)        0.698   U_icon_pro/U0/U_ICON/iCORE_ID<0>
    SLICE_X18Y27.Y       Tilo                  0.707   U_icon_pro/U0/U_ICON/iCORE_ID_SEL<15>
                                                       U_icon_pro/U0/U_ICON/U_CMD/U_CORE_ID_SEL/I4.FI[0].U_LUT
    SLICE_X18Y21.G2      net (fanout=10)       1.060   U_icon_pro/U0/U_ICON/iCORE_ID_SEL<0>
    SLICE_X18Y21.Y       Tilo                  0.707   U_ila_pro_0/U0/I_NO_D.U_ILA/U_RST/U_HALT_XFER/din_latched
                                                       U_icon_pro/U0/U_ICON/U_CTRL_OUT/F_NCP[0].F_CMD[9].U_LCE
    SLICE_X23Y13.CLK     net (fanout=4)        1.103   icon_control0<13>
    -------------------------------------------------  ---------------------------
    Total                                      4.951ns (2.090ns logic, 2.861ns route)
                                                       (42.2% logic, 57.8% route)

--------------------------------------------------------------------------------
Delay (setup path):     4.718ns (data path)
  Source:               U_icon_pro/U0/U_ICON/U_CMD/G_TARGET[15].I_EQ0.U_TARGET (FF)
  Destination:          U_ila_pro_0/U0/I_NO_D.U_ILA/U_STAT/U_DIRTY_LDC (LATCH)
  Data Path Delay:      4.718ns (Levels of Logic = 2)
  Source Clock:         icon_control0<0> rising

  Maximum Data Path: U_icon_pro/U0/U_ICON/U_CMD/G_TARGET[15].I_EQ0.U_TARGET to U_ila_pro_0/U0/I_NO_D.U_ILA/U_STAT/U_DIRTY_LDC
    Location             Delay type         Delay(ns)  Physical Resource
                                                       Logical Resource(s)
    -------------------------------------------------  -------------------
    SLICE_X19Y27.XQ      Tcko                  0.591   U_icon_pro/U0/U_ICON/iCORE_ID<3>
                                                       U_icon_pro/U0/U_ICON/U_CMD/G_TARGET[15].I_EQ0.U_TARGET
    SLICE_X18Y27.G1      net (fanout=4)        0.550   U_icon_pro/U0/U_ICON/iCORE_ID<3>
    SLICE_X18Y27.Y       Tilo                  0.707   U_icon_pro/U0/U_ICON/iCORE_ID_SEL<15>
                                                       U_icon_pro/U0/U_ICON/U_CMD/U_CORE_ID_SEL/I4.FI[0].U_LUT
    SLICE_X18Y21.G2      net (fanout=10)       1.060   U_icon_pro/U0/U_ICON/iCORE_ID_SEL<0>
    SLICE_X18Y21.Y       Tilo                  0.707   U_ila_pro_0/U0/I_NO_D.U_ILA/U_RST/U_HALT_XFER/din_latched
                                                       U_icon_pro/U0/U_ICON/U_CTRL_OUT/F_NCP[0].F_CMD[9].U_LCE
    SLICE_X23Y13.CLK     net (fanout=4)        1.103   icon_control0<13>
    -------------------------------------------------  ---------------------------
    Total                                      4.718ns (2.005ns logic, 2.713ns route)
                                                       (42.5% logic, 57.5% route)

--------------------------------------------------------------------------------

================================================================================
Timing constraint: TS_U_TO_U = MAXDELAY FROM TIMEGRP "U_CLK" TO TIMEGRP "U_CLK" 
15 ns;
For more information, see From:To (Multicycle) Analysis in the Timing Closure User Guide (UG612).

 1 path analyzed, 1 endpoint analyzed, 0 failing endpoints
 0 timing errors detected. (0 setup errors, 0 hold errors)
 Maximum delay is   1.433ns.
--------------------------------------------------------------------------------

Paths for end point U_icon_pro/U0/U_ICON/U_iDATA_CMD (SLICE_X23Y31.BY), 1 path
--------------------------------------------------------------------------------
Slack (setup paths):    13.567ns (requirement - (data path - clock path skew + uncertainty))
  Source:               U_icon_pro/U0/U_ICON/U_iDATA_CMD (FF)
  Destination:          U_icon_pro/U0/U_ICON/U_iDATA_CMD (FF)
  Requirement:          15.000ns
  Data Path Delay:      1.433ns (Levels of Logic = 0)
  Clock Path Skew:      0.000ns
  Source Clock:         U_icon_pro/U0/iUPDATE_OUT rising
  Destination Clock:    U_icon_pro/U0/iUPDATE_OUT rising
  Clock Uncertainty:    0.000ns

  Maximum Data Path: U_icon_pro/U0/U_ICON/U_iDATA_CMD to U_icon_pro/U0/U_ICON/U_iDATA_CMD
    Location             Delay type         Delay(ns)  Physical Resource
                                                       Logical Resource(s)
    -------------------------------------------------  -------------------
    SLICE_X23Y31.YQ      Tcko                  0.580   U_icon_pro/U0/U_ICON/iDATA_CMD
                                                       U_icon_pro/U0/U_ICON/U_iDATA_CMD
    SLICE_X23Y31.BY      net (fanout=7)        0.539   U_icon_pro/U0/U_ICON/iDATA_CMD
    SLICE_X23Y31.CLK     Tdick                 0.314   U_icon_pro/U0/U_ICON/iDATA_CMD
                                                       U_icon_pro/U0/U_ICON/U_iDATA_CMD
    -------------------------------------------------  ---------------------------
    Total                                      1.433ns (0.894ns logic, 0.539ns route)
                                                       (62.4% logic, 37.6% route)

--------------------------------------------------------------------------------
Hold Paths: TS_U_TO_U = MAXDELAY FROM TIMEGRP "U_CLK" TO TIMEGRP "U_CLK" 15 ns;
--------------------------------------------------------------------------------

Paths for end point U_icon_pro/U0/U_ICON/U_iDATA_CMD (SLICE_X23Y31.BY), 1 path
--------------------------------------------------------------------------------
Slack (hold path):      1.035ns (requirement - (clock path skew + uncertainty - data path))
  Source:               U_icon_pro/U0/U_ICON/U_iDATA_CMD (FF)
  Destination:          U_icon_pro/U0/U_ICON/U_iDATA_CMD (FF)
  Requirement:          0.000ns
  Data Path Delay:      1.035ns (Levels of Logic = 0)
  Positive Clock Path Skew: 0.000ns
  Source Clock:         U_icon_pro/U0/iUPDATE_OUT rising
  Destination Clock:    U_icon_pro/U0/iUPDATE_OUT rising
  Clock Uncertainty:    0.000ns

  Minimum Data Path: U_icon_pro/U0/U_ICON/U_iDATA_CMD to U_icon_pro/U0/U_ICON/U_iDATA_CMD
    Location             Delay type         Delay(ns)  Physical Resource
                                                       Logical Resource(s)
    -------------------------------------------------  -------------------
    SLICE_X23Y31.YQ      Tcko                  0.464   U_icon_pro/U0/U_ICON/iDATA_CMD
                                                       U_icon_pro/U0/U_ICON/U_iDATA_CMD
    SLICE_X23Y31.BY      net (fanout=7)        0.431   U_icon_pro/U0/U_ICON/iDATA_CMD
    SLICE_X23Y31.CLK     Tckdi       (-Th)    -0.140   U_icon_pro/U0/U_ICON/iDATA_CMD
                                                       U_icon_pro/U0/U_ICON/U_iDATA_CMD
    -------------------------------------------------  ---------------------------
    Total                                      1.035ns (0.604ns logic, 0.431ns route)
                                                       (58.4% logic, 41.6% route)
--------------------------------------------------------------------------------


All constraints were met.


Data Sheet report:
-----------------
No constraints were found to generate data for the Data Sheet Report section.
Use the Advanced Analysis (-a) option or generate global constraints for each
clock, its pad to setup and clock to pad paths, and a pad to pad constraint.

Timing summary:
---------------

Timing errors: 0  Score: 0  (Setup/Max: 0, Hold: 0)

Constraints cover 15 paths, 0 nets, and 22 connections

Design statistics:
   Minimum period:   1.433ns{1}   (Maximum frequency: 697.837MHz)
   Maximum path delay from/to any node:   1.433ns


------------------------------------Footnotes-----------------------------------
1)  The minimum period statistic assumes all single cycle delays.

Analysis completed Sun Apr 12 14:40:19 2020 
--------------------------------------------------------------------------------

Trace Settings:
-------------------------
Trace Settings 

Peak Memory Usage: 163 MB



