23:37:55 **** Incremental Build of configuration Debug for project 3_gpio_emio ****
make pre-build main-build 
a9-linaro-pre-build-step
 
make: Nothing to be done for 'main-build'.
23:38:01 **** Incremental Build of configuration Debug for project 3_gpio_emio ****
make pre-build main-build 
a9-linaro-pre-build-step
 
make: Nothing to be done for 'main-build'.
23:38:12 **** Incremental Build of configuration Debug for project 3_gpio_emio ****
make pre-build main-build 
a9-linaro-pre-build-step
 
make: Nothing to be done for 'main-build'.
23:39:05 **** Incremental Build of configuration Debug for project 3_gpio_emio ****
make pre-build main-build 
a9-linaro-pre-build-step
 
make: Nothing to be done for 'main-build'.
23:39:28 **** Auto Build of configuration Debug for project 3_gpio_emio ****
make pre-build main-build 
a9-linaro-pre-build-step
 
Building file: ../src/GPIO/user_gpio.c
Invoking: ARM v7 gcc compiler
arm-none-eabi-gcc -Wall -O0 -g3 -I../../3_gpio_emio_bsp/ps7_cortexa9_0/include -I"G:\a_max\max_xilinx\opendv\3_gpio_emio\3_gpio_emio.sdk\3_gpio_emio\src\GPIO" -I"G:\a_max\max_xilinx\opendv\3_gpio_emio\3_gpio_emio.sdk\3_gpio_emio\src\led" -c -fmessage-length=0 -MT"src/GPIO/user_gpio.o" -mcpu=cortex-a9 -mfpu=vfpv3 -mfloat-abi=hard -MMD -MP -MF"src/GPIO/user_gpio.d" -MT"src/GPIO/user_gpio.o" -o "src/GPIO/user_gpio.o" "../src/GPIO/user_gpio.c"
Finished building: ../src/GPIO/user_gpio.c
 
Building target: 3_gpio_emio.elf
Invoking: ARM v7 gcc linker
arm-none-eabi-gcc -mcpu=cortex-a9 -mfpu=vfpv3 -mfloat-abi=hard -Wl,-build-id=none -specs=Xilinx.spec -Wl,-T -Wl,../src/lscript.ld -L../../3_gpio_emio_bsp/ps7_cortexa9_0/lib -o "3_gpio_emio.elf"  ./src/led/user_led.o  ./src/GPIO/user_gpio.o  ./src/main.o   -Wl,--start-group,-lxil,-lgcc,-lc,--end-group
Finished building target: 3_gpio_emio.elf
 
Invoking: ARM v7 Print Size
arm-none-eabi-size 3_gpio_emio.elf  |tee "3_gpio_emio.elf.size"
   text	   data	    bss	    dec	    hex	filename
  27312	   1152	  22616	  51080	   c788	3_gpio_emio.elf
Finished building: 3_gpio_emio.elf.size
 
23:39:47 **** Incremental Build of configuration Debug for project 3_gpio_emio ****
make pre-build main-build 
a9-linaro-pre-build-step
 
make: Nothing to be done for 'main-build'.
23:41:11 **** Auto Build of configuration Debug for project 3_gpio_emio ****
make pre-build main-build 
a9-linaro-pre-build-step
 
Building file: ../src/led/user_led.c
Invoking: ARM v7 gcc compiler
arm-none-eabi-gcc -Wall -O0 -g3 -I../../3_gpio_emio_bsp/ps7_cortexa9_0/include -I"G:\a_max\max_xilinx\opendv\3_gpio_emio\3_gpio_emio.sdk\3_gpio_emio\src\GPIO" -I"G:\a_max\max_xilinx\opendv\3_gpio_emio\3_gpio_emio.sdk\3_gpio_emio\src\led" -c -fmessage-length=0 -MT"src/led/user_led.o" -mcpu=cortex-a9 -mfpu=vfpv3 -mfloat-abi=hard -MMD -MP -MF"src/led/user_led.d" -MT"src/led/user_led.o" -o "src/led/user_led.o" "../src/led/user_led.c"
Finished building: ../src/led/user_led.c
 
Building file: ../src/GPIO/user_gpio.c
Invoking: ARM v7 gcc compiler
arm-none-eabi-gcc -Wall -O0 -g3 -I../../3_gpio_emio_bsp/ps7_cortexa9_0/include -I"G:\a_max\max_xilinx\opendv\3_gpio_emio\3_gpio_emio.sdk\3_gpio_emio\src\GPIO" -I"G:\a_max\max_xilinx\opendv\3_gpio_emio\3_gpio_emio.sdk\3_gpio_emio\src\led" -c -fmessage-length=0 -MT"src/GPIO/user_gpio.o" -mcpu=cortex-a9 -mfpu=vfpv3 -mfloat-abi=hard -MMD -MP -MF"src/GPIO/user_gpio.d" -MT"src/GPIO/user_gpio.o" -o "src/GPIO/user_gpio.o" "../src/GPIO/user_gpio.c"
Finished building: ../src/GPIO/user_gpio.c
 
Building file: ../src/main.c
Invoking: ARM v7 gcc compiler
arm-none-eabi-gcc -Wall -O0 -g3 -I../../3_gpio_emio_bsp/ps7_cortexa9_0/include -I"G:\a_max\max_xilinx\opendv\3_gpio_emio\3_gpio_emio.sdk\3_gpio_emio\src\GPIO" -I"G:\a_max\max_xilinx\opendv\3_gpio_emio\3_gpio_emio.sdk\3_gpio_emio\src\led" -c -fmessage-length=0 -MT"src/main.o" -mcpu=cortex-a9 -mfpu=vfpv3 -mfloat-abi=hard -MMD -MP -MF"src/main.d" -MT"src/main.o" -o "src/main.o" "../src/main.c"
Finished building: ../src/main.c
 
Building target: 3_gpio_emio.elf
Invoking: ARM v7 gcc linker
arm-none-eabi-gcc -mcpu=cortex-a9 -mfpu=vfpv3 -mfloat-abi=hard -Wl,-build-id=none -specs=Xilinx.spec -Wl,-T -Wl,../src/lscript.ld -L../../3_gpio_emio_bsp/ps7_cortexa9_0/lib -o "3_gpio_emio.elf"  ./src/led/user_led.o  ./src/GPIO/user_gpio.o  ./src/main.o   -Wl,--start-group,-lxil,-lgcc,-lc,--end-group
Finished building target: 3_gpio_emio.elf
 
Invoking: ARM v7 Print Size
arm-none-eabi-size 3_gpio_emio.elf  |tee "3_gpio_emio.elf.size"
   text	   data	    bss	    dec	    hex	filename
  27312	   1152	  22616	  51080	   c788	3_gpio_emio.elf
Finished building: 3_gpio_emio.elf.size
 
